// Jest Snapshot v1, https://goo.gl/fbAQLP

exports[`<ItemList /> should render successfully and match snapshot 1`] = `
<div>
  <div />
</div>
`;
